
[2026-09-27 02:47:45] Excepción en hilo main:
Traceback (most recent call last):
  File "d:\my-content\content.py", line 71, in <module>
    import firebase_admin  # noqa: E402
    ^^^^^^^^^^^^^^^^^^^^^
ModuleNotFoundError: No module named 'firebase_admin'
Windows fatal exception: code 0x80010108

Thread 0x00005370 (most recent call first):
  File "C:\Users\dania\AppData\Local\Programs\Python\Python312\Lib\ssl.py", line 1105 in read
  File "C:\Users\dania\AppData\Local\Programs\Python\Python312\Lib\ssl.py", line 1249 in recv_into
  File "C:\Users\dania\AppData\Local\Programs\Python\Python312\Lib\socket.py", line 707 in readinto
  File "C:\Users\dania\AppData\Local\Programs\Python\Python312\Lib\http\client.py", line 472 in read
  File "D:\my-content\modulo_ia.py", line 598 in _bajar_archivo
  File "D:\my-content\modulo_ia.py", line 635 in real_download
  File "C:\Users\dania\AppData\Local\Programs\Python\Python312\Lib\threading.py", line 989 in run
  File "C:\Users\dania\AppData\Local\Programs\Python\Python312\Lib\threading.py", line 1052 in _bootstrap_inner
  File "C:\Users\dania\AppData\Local\Programs\Python\Python312\Lib\threading.py", line 1009 in _bootstrap

Thread 0x000049e4 (most recent call first):
  File "C:\Users\dania\AppData\Local\Programs\Python\Python312\Lib\site-packages\webview\platforms\winforms.py", line 808 in create

Thread 0x00004b60 (most recent call first):
  File "C:\Users\dania\AppData\Local\Programs\Python\Python312\Lib\site-packages\pystray\_win32.py", line 147 in _mainloop
  File "C:\Users\dania\AppData\Local\Programs\Python\Python312\Lib\site-packages\pystray\_win32.py", line 128 in _run
  File "C:\Users\dania\AppData\Local\Programs\Python\Python312\Lib\site-packages\pystray\_base.py", line 212 in run
  File "D:\my-content\content.py", line 1686 in run_tray
  File "C:\Users\dania\AppData\Local\Programs\Python\Python312\Lib\threading.py", line 989 in run
  File "C:\Users\dania\AppData\Local\Programs\Python\Python312\Lib\threading.py", line 1052 in _bootstrap_inner
  File "C:\Users\dania\AppData\Local\Programs\Python\Python312\Lib\threading.py", line 1009 in _bootstrap

Thread 0x00004acc (most recent call first):
  File "C:\Users\dania\AppData\Local\Programs\Python\Python312\Lib\selectors.py", line 314 in _select
  File "C:\Users\dania\AppData\Local\Programs\Python\Python312\Lib\selectors.py", line 323 in select
  File "C:\Users\dania\AppData\Local\Programs\Python\Python312\Lib\socketserver.py", line 235 in serve_forever
  File "C:\Users\dania\AppData\Local\Programs\Python\Python312\Lib\site-packages\werkzeug\serving.py", line 820 in serve_forever
  File "C:\Users\dania\AppData\Local\Programs\Python\Python312\Lib\site-packages\werkzeug\serving.py", line 1126 in run_simple
  File "C:\Users\dania\AppData\Local\Programs\Python\Python312\Lib\site-packages\flask\app.py", line 662 in run
  File "D:\my-content\content.py", line 1598 in start_server
  File "C:\Users\dania\AppData\Local\Programs\Python\Python312\Lib\threading.py", line 989 in run
  File "C:\Users\dania\AppData\Local\Programs\Python\Python312\Lib\threading.py", line 1052 in _bootstrap_inner
  File "C:\Users\dania\AppData\Local\Programs\Python\Python312\Lib\threading.py", line 1009 in _bootstrap

Thread 0x000007e0 (most recent call first):
  File "C:\Users\dania\AppData\Local\Programs\Python\Python312\Lib\threading.py", line 334 in wait
  File "C:\Users\dania\AppData\Local\Programs\Python\Python312\Lib\queue.py", line 171 in get
  File "D:\my-content\content.py", line 330 in _hilo_dashboard
  File "C:\Users\dania\AppData\Local\Programs\Python\Python312\Lib\threading.py", line 989 in run
  File "C:\Users\dania\AppData\Local\Programs\Python\Python312\Lib\threading.py", line 1052 in _bootstrap_inner
  File "C:\Users\dania\AppData\Local\Programs\Python\Python312\Lib\threading.py", line 1009 in _bootstrap

Thread 0x000053e4 (most recent call first):
  File "D:\my-content\content.py", line 123 in _hilo_killswitch
  File "C:\Users\dania\AppData\Local\Programs\Python\Python312\Lib\threading.py", line 989 in run
  File "C:\Users\dania\AppData\Local\Programs\Python\Python312\Lib\threading.py", line 1052 in _bootstrap_inner
  File "C:\Users\dania\AppData\Local\Programs\Python\Python312\Lib\threading.py", line 1009 in _bootstrap

Thread 0x000045e4 (most recent call first):
  File "C:\Users\dania\AppData\Local\Programs\Python\Python312\Lib\site-packages\webview\platforms\winforms.py", line 834 in create_window
  File "C:\Users\dania\AppData\Local\Programs\Python\Python312\Lib\site-packages\webview\__init__.py", line 303 in start
  File "D:\my-content\content.py", line 1692 in <module>
